[backblue.gif]
[fade.gif]
[index.html]
[www.centralpark.in/images/faviv2.ico]
[www.centralpark.in/fonts/OPTIMA.woff]
[www.centralpark.in/fonts/fontawesome-webfont3e6e.woff2]
[cdn.jsdelivr.net/npm/swiper@11/swiper-bundle.min.css]
[cdnjs.cloudflare.com/ajax/libs/font-awesome/6.7.2/css/all.min.css]
[connect.facebook.net/en_US/fbevents.js]
[www.centralpark.in/images/centralparklogo.png]
[www.centralpark.in/images/homebanner/homepage.mp4]
[www.centralpark.in/images/homebanner/homepage.ogv]
[www.centralpark.in/images/homebanner/homepage.webm]
[www.centralpark.in/images/progrigbg/1.jpg]
[www.centralpark.in/images/progrigbg/2.jpg]
[www.centralpark.in/images/progrigbg/3.jpg]
[www.centralpark.in/images/progrigbg/4.jpg]
[www.centralpark.in/js/jquery.min.js]
[www.centralpark.in/js/wow.min.js]
[www.centralpark.in/js/slick.js]
[www.centralpark.in/js/eocjs-newsticker.js]
[www.centralpark.in/js/gsap.js]
[www.centralpark.in/js/ScrollTrigger.js]
[www.centralpark.in/js/ScrollMagic.js]
[www.centralpark.in/js/animation.gsap.js]
[www.centralpark.in/js/ScrollToPlugin.min.js]
[cdn.jsdelivr.net/npm/vanilla-lazyload@17.6.1/dist/lazyload.min.js]
[cdn.jsdelivr.net/jquery.validation/1.16.0/jquery.validate.min.js]
[cdnjs.cloudflare.com/ajax/libs/jquery-validate/1.16.0/additional-methods.js]
[www.centralpark.in/js/validation.js]
[www.centralpark.in/js/custom.js]
[www.centralpark.in/index.html]
[www.centralpark.in/images/logo.html]
[cdn.jsdelivr.net/npm/swiper@11/swiper-bundle.min.js]
[www.centralpark.in/fonts/Optima_Italic.woff]
[www.centralpark.in/fonts/Optima Medium.woff]
[www.centralpark.in/fonts/OPTIMA_B.woff]
[www.centralpark.in/fonts/HelveticaNeue-Light.eot]
[www.centralpark.in/fonts/HelveticaNeue-Lightd41d.eot]
[www.centralpark.in/fonts/HelveticaNeue-Light.ttf]
[www.centralpark.in/fonts/HelveticaNeue-Light.woff]
[www.centralpark.in/fonts/HelveticaNeue-Light.woff2]
[www.centralpark.in/images/webp/Residential.webp]
[www.centralpark.in/images/webp/Commercial.webp]
[www.centralpark.in/images/webp/Hospitality.webp]
[www.centralpark.in/images/webp/Leasing.webp]
[www.centralpark.in/images/bellavista/fbanner.jpg]
[www.centralpark.in/images/triangle.png]
[www.centralpark.in/images/homebanner/selene-mobile.png]
[www.centralpark.in/css/style.css]
[www.centralpark.in/images/Mobile-Banner3.jpg]
[www.centralpark.in/css/responisve.css]
[www.centralpark.in/css/animate.css]
[www.centralpark.in/css/slick.css]
[www.centralpark.in/css/slick-theme.css]
[www.centralpark.in/css/eocjs-newsticker.css]
[www.centralpark.in/fonts/fontawesome-webfont3e6e.eot]
[www.centralpark.in/fonts/fontawesome-webfontd41d.eot]
[www.centralpark.in/fonts/fontawesome-webfont3e6e.woff]
[www.centralpark.in/fonts/fontawesome-webfont3e6e.ttf]
[www.centralpark.in/css/font-awesome.min.css]
[cdn.jsdelivr.net/npm/swiper@11/swiper-bundle.min.css]
[cdnjs.cloudflare.com/ajax/libs/font-awesome/6.7.2/css/all.min.css]
[connect.facebook.net/en_US/fbevents.js]
[www.googletagmanager.com/gtm5445.html]
[www.centralpark.in/images/20-Years-white.svg]
[www.centralpark.in/images/foundation1.jpg]
[www.centralpark.in/images/foundation-small.jpg]
[www.centralpark.in/images/love.jpg]
[www.centralpark.in/foundation.html]
[www.centralpark.in/images/contactbanernew.jpg]
[www.google.com/recaptcha/api.js]
[www.centralpark.in/contact-us.html]
[www.centralpark.in/images/homebanner/Selene-banner.png]
[www.centralpark.in/images/webp/cp-Resortss.webp]
[www.centralpark.in/images/webp/fLower-valley.webp]
[www.centralpark.in/images/webp/room_lobby.webp]
[www.centralpark.in/images/webp/Central-Park-Bellevue.webp]
[www.centralpark.in/images/webp/Golf-Course-Road.webp]
[www.centralpark.in/residential.html]
[www.centralpark.in/images/commercial-banner.jpg]
[www.centralpark.in/commercial.html]
[www.centralpark.in/images/hospitality-Banner.jpg]
[www.centralpark.in/images/hospitality1.jpg]
[www.centralpark.in/images/A-chef.jpg]
[www.centralpark.in/images/Resort-like.jpg]
[www.centralpark.in/images/Fully-furnished.jpg]
[www.centralpark.in/images/hospitality5.jpg]
[www.centralpark.in/images/Relentless.jpg]
[www.centralpark.in/hospitality.html]
[www.centralpark.in/js/select2.min.js]
[www.centralpark.in/js/jquery-ui.min.js]
[cdnjs.cloudflare.com/ajax/libs/jqueryui-touch-punch/0.2.3/jquery.ui.touch-punch.min.js]
[www.centralpark.in/listinge0ab.html]
[www.centralpark.in/images/about-banner.jpg]
[www.centralpark.in/images/Board_3.jpg]
[www.centralpark.in/images/Mr-Amarjit2.jpg]
[www.centralpark.in/images/Mr-Kanwaljit-Singh-Bakshi2.jpg]
[www.centralpark.in/images/Mr-Sanjit-Bakshi2.jpg]
[www.centralpark.in/images/shiv_bakshi2.jpg]
[www.centralpark.in/images/Award.jpg]
[www.centralpark.in/images/idea-best-website.jpg]
[www.centralpark.in/images/CSR.jpg]
[www.centralpark.in/about-us.html]
[www.centralpark.in/images/group-banner.jpg]
[www.centralpark.in/images/AUTOMOTIVE.jpg]
[www.centralpark.in/images/Baxy-word.png]
[www.centralpark.in/images/INFRASTRUCTURE.jpg]
[www.centralpark.in/images/EDUCATION.jpg]
[www.centralpark.in/images/hospitality.jpg]
[www.centralpark.in/group.html]
[www.centralpark.in/images/media-Banner.jpg]
[www.centralpark.in/media.html]
[www.centralpark.in/images/Bignonia/topbannernewic.png]
[www.centralpark.in/images/white-selene.png]
[www.centralpark.in/images/Bignonia/centralimage (1).jpg]
[www.centralpark.in/images/Bignonia/banner6.jpg]
[www.centralpark.in/images/Bignonia/banner7.jpg]
[www.centralpark.in/images/Bignonia/amenities/swimming-pool.jpg]
[www.centralpark.in/images/Bignonia/amenities/high-end-retail.jpg]
[www.centralpark.in/images/Bignonia/amenities/alpha-golf.jpg]
[www.centralpark.in/images/Bignonia/amenities/open-plaza.jpg]
[www.centralpark.in/images/Bignonia/amenities/Basketball-Zone.webp]
[www.centralpark.in/images/Bignonia/amenities/Cafe.webp]
[www.centralpark.in/images/Bignonia/amenities/Cricket-Stadium.webp]
[www.centralpark.in/images/Bignonia/amenities/Football-Zone.webp]
[www.centralpark.in/images/Bignonia/amenities/Gated-Community.webp]
[www.centralpark.in/images/Bignonia/amenities/Gymnasium.webp]
[www.centralpark.in/images/Bignonia/amenities/Horse-Stable.webp]
[www.centralpark.in/images/Bignonia/amenities/Indoor-Badminton.webp]
[www.centralpark.in/images/Bignonia/amenities/Lawn-Tennis-Court.webp]
[www.centralpark.in/images/Bignonia/amenities/Multi-tier-Security.webp]
[www.centralpark.in/images/Bignonia/amenities/Restaurant.webp]
[www.centralpark.in/images/Bignonia/amenities/Wide-Roads.webp]
[www.centralpark.in/images/orchard/amen/Green-Facing-Plots.jpg]
[www.centralpark.in/images/orchard/amen/Luxurious-Club-house.jpg]
[www.centralpark.in/images/Aroma-Baths.jpg]
[www.centralpark.in/images/Foot-Spa.jpg]
[www.centralpark.in/images/Naturopathy.jpg]
[www.centralpark.in/images/Head-Massage.jpg]
[www.centralpark.in/images/Reflexology.jpg]
[www.centralpark.in/images/Body-Massage.jpg]
[www.centralpark.in/images/Steam.jpg]
[www.centralpark.in/images/Sauna.jpg]
[www.centralpark.in/images/Jacuzzi.jpg]
[www.centralpark.in/images/Sun-Bath.jpg]
[www.centralpark.in/images/Nature-Walks.jpg]
[www.centralpark.in/images/Flora-Fountain.jpg]
[www.centralpark.in/images/Detoxification-Diet-Sessions.jpg]
[www.centralpark.in/images/Salad-Bar.jpg]
[www.centralpark.in/images/Golf-Putting-Chipping-Greens.jpg]
[www.centralpark.in/images/Volleyball.jpg]
[www.centralpark.in/selene.html]
[www.centralpark.in/images/phone.svg]
[www.centralpark.in/images/email.svg]
[www.centralpark.in/images/message.svg]
[www.centralpark.in/listing.html]
[www.centralpark.in/images/footerimg.svg]
[www.centralpark.in/images/crystaltown/Crystal-town-banner.jpg]
[www.centralpark.in/images/crystaltown/Committed-to-Excellence.jpg]
[www.centralpark.in/images/crystaltown/Electrical-Staff.jpg]
[www.centralpark.in/images/crystaltown/Plumbing-Staff.jpg]
[www.centralpark.in/images/crystaltown/Housekeeping-Staff.jpg]
[www.centralpark.in/images/crystaltown/Gardner.jpg]
[www.centralpark.in/images/crystaltown/Security-Staff.jpg]
[www.centralpark.in/images/crystaltown/Camera-Surveillance-Room.jpg]
[www.centralpark.in/images/crystaltown/Horse-Patroling.jpg]
[www.centralpark.in/images/crystaltown/Horse-Stable.jpg]
[www.centralpark.in/images/crystaltown/Fire-Fighter.jpg]
[www.centralpark.in/images/crystaltown/Event-Management.jpg]
[www.centralpark.in/images/crystaltown/Helpdesk-for-Society-related-issues.jpg]
[www.centralpark.in/images/crystaltown/Billing-Machine.jpg]
[www.centralpark.in/crystaltown.html]
[www.centralpark.in/blog/wp-includes/js/jquery/jquery.minf43b.js]
[www.centralpark.in/blog/wp-includes/js/jquery/jquery-migrate.min5589.js]
[www.centralpark.in/blog/wp-content/themes/twentyseventeen/assets/js/myloadmore521e.js]
[www.centralpark.in/blog/wp-content/uploads/2025/05/WhatsApp-Image-2025-05-26-at-16.39.02.jpg]
[www.centralpark.in/blog/feed/index.html]
[www.centralpark.in/blog/comments/feed/index.html]
[www.centralpark.in/blog/wp-content/uploads/2025/05/WhatsApp-Image-2025-05-26-at-15.15.10.jpg]
[www.centralpark.in/blog/wp-content/uploads/2025/01/Central-park-properties.jpg]
[www.centralpark.in/blog/wp-content/uploads/2025/04/skyvillprojecct1.jpg]
[www.centralpark.in/blog/wp-content/uploads/2025/04/resorts3.jpg]
[www.centralpark.in/blog/wp-content/uploads/2025/04/skyvillprojecct3.jpg]
[www.centralpark.in/blog/wp-content/uploads/2025/03/luxury-apartment-in-Gurgaon.jpg]
[www.centralpark.in/blog/wp-content/uploads/2025/03/luxurious-apartments-in-gurgaon.jpg]
[www.centralpark.in/blog/wp-content/uploads/2025/03/best-property-to-invest-in-Gurgaon.jpg]
[www.centralpark.in/blog/wp-content/uploads/2025/02/Best-Property-to-invest-in-gurgaon.jpg]
[www.centralpark.in/blog/wp-content/uploads/2025/01/skyvillprojecct2.jpg]
[www.centralpark.in/blog/wp-content/themes/twentyseventeen/assets/js/skip-link-focus-fixb448.js]
[www.centralpark.in/blog/wp-content/themes/twentyseventeen/assets/js/global5841.js]
[www.centralpark.in/blog/wp-content/themes/twentyseventeen/assets/js/jquery.scrollTo431f.js]
[www.centralpark.in/blog/index.html]
[www.centralpark.in/images/mri-Banner.jpg]
[www.centralpark.in/images/How.jpg]
[www.centralpark.in/images/Why.jpg]
[www.centralpark.in/nri-corner.html]
[www.centralpark.in/images/careers1.jpg]
[www.centralpark.in/images/careers6.jpg]
[www.centralpark.in/images/careers3.jpg]
[www.centralpark.in/images/careers4.jpg]
[www.centralpark.in/images/careers5.jpg]
[www.centralpark.in/images/careers2.jpg]
[www.centralpark.in/careers.html]
[cdn.jsdelivr.net/npm/jquery-validation@1.19.5/dist/additional-methods.min.js]
[www.centralpark.in/images/Refund-Policy.jpg]
[www.centralpark.in/refund-policy.html]
[www.centralpark.in/privacy-policy.html]
[www.centralpark.in/images/terms-conditions.jpg]
[www.centralpark.in/terms-conditions.html]
[www.centralpark.in/index-2.html]
[www.centralpark.in/images/icon-close.svg]
[www.centralpark.in/images/favi.png]
[www.centralpark.in/images/thank.jpg]
[www.centralpark.in/thanks.html]
[www.centralpark.in/css/reset.css]
[www.centralpark.in/fonts/KelsonSans-Normal.eot]
[www.centralpark.in/fonts/KelsonSans-Normald41d.eot]
[www.centralpark.in/fonts/KelsonSans-Normal.woff]
[www.centralpark.in/fonts/KelsonSans-Normal.ttf]
[www.centralpark.in/fonts/Butler.eot]
[www.centralpark.in/fonts/Butlerd41d.eot]
[www.centralpark.in/fonts/Butler.woff]
[www.centralpark.in/fonts/Butler.ttf]
[www.centralpark.in/fonts/KelsonSans-Light.eot]
[www.centralpark.in/fonts/KelsonSans-Lightd41d.eot]
[www.centralpark.in/fonts/KelsonSans-Light.woff]
[www.centralpark.in/fonts/KelsonSans-Light.ttf]
[www.centralpark.in/fonts/Freight-BigLight.eot]
[www.centralpark.in/fonts/Freight-BigLightd41d.eot]
[www.centralpark.in/fonts/Freight-BigLight.woff]
[www.centralpark.in/fonts/Freight-BigLight.ttf]
[www.centralpark.in/css/font.css]
[www.centralpark.in/fonts/HelveticaNeue-Light.svg]
[www.centralpark.in/images/bullet.svg]
[www.centralpark.in/css/images/tick.html]
[www.centralpark.in/fonts/slick.html]
[www.centralpark.in/fonts/slickd41d.html]
[www.centralpark.in/fonts/slick-2.html]
[www.centralpark.in/fonts/slick-3.html]
[www.centralpark.in/fonts/slick-4.html]
[www.centralpark.in/fonts/fontawesome-webfont3e6e.svg]
[www.centralpark.in/signals/config/index.html]
[www.centralpark.in/a.html]
[www.centralpark.in/signals/plugins/index.html]
[www.centralpark.in/POST.html]
[www.centralpark.in/schema.org/index.html]
[www.centralpark.in/b.html]
[www.centralpark.in/d.html]
[www.centralpark.in/signals/iwl.html]
[www.centralpark.in/signals/iwl0fc5.html]
[www.centralpark.in/c.html]
[www.centralpark.in/c-2.html]
[www.centralpark.in/images/20-Years.svg]
[www.centralpark.in/pay-online.html]
[www.centralpark.in/images/skyvilla-Banner.jpg]
[www.centralpark.in/images/newestSky-Villa.png]
[www.centralpark.in/images/skyvillprojecct1.jpg]
[www.centralpark.in/images/skyvillprojecct2.jpg]
[www.centralpark.in/images/skyvillprojecct3.jpg]
[www.centralpark.in/images/skyvillprojecct4.jpg]
[www.centralpark.in/images/skyvillprojecct5.jpg]
[www.centralpark.in/images/Star-Drop.jpg]
[www.centralpark.in/images/Amusement-Park.jpg]
[www.centralpark.in/images/Acres-of-cp.jpg]
[www.centralpark.in/images/Tier-Security.jpg]
[www.centralpark.in/images/Club-House.jpg]
[www.centralpark.in/images/Multi-Cuisines-Restaurant.jpg]
[www.centralpark.in/images/Cycling-Track-cp.jpg]
[www.centralpark.in/images/Grand-Fountain.jpg]
[www.centralpark.in/images/Heart-Promenade.jpg]
[www.centralpark.in/images/International-Tunnel-Drive.jpg]
[www.centralpark.in/images/Zero-Vehicles.jpg]
[www.centralpark.in/images/sky-Aroma-Baths.jpg]
[www.centralpark.in/images/sky-Footspa.jpg]
[www.centralpark.in/images/sky-Naturopathy.jpg]
[www.centralpark.in/images/sky-HeadMassage.jpg]
[www.centralpark.in/images/sky-Reflexology.jpg]
[www.centralpark.in/images/sky-BodyMassage.jpg]
[www.centralpark.in/images/sky-Steam.jpg]
[www.centralpark.in/images/sky-Jacuzzi.jpg]
[www.centralpark.in/images/sky-HerbalParks.jpg]
[www.centralpark.in/images/sky-DetoxificationDietSessions.jpg]
[www.centralpark.in/images/sky-Saladbar.jpg]
[www.centralpark.in/images/sky-OrganicCafe.jpg]
[www.centralpark.in/images/Basketball-Court.jpg]
[www.centralpark.in/images/Cricket-Practice-Nets.jpg]
[www.centralpark.in/images/Golf-Putting.jpg]
[www.centralpark.in/images/indoor-badminton.jpg]
[www.centralpark.in/images/lawn-tennis.jpg]
[www.centralpark.in/images/mini-football-zone.jpg]
[www.centralpark.in/sky-villas.html]
[www.centralpark.in/images/banner-7.jpg]
[www.centralpark.in/images/belavistnewestlogo.png]
[www.centralpark.in/images/Mobile-Banner7.jpg]
[www.centralpark.in/images/bellaprojec1.jpg]
[www.centralpark.in/images/bellaprojec2.jpg]
[www.centralpark.in/images/bellaprojec3.jpg]
[www.centralpark.in/images/bellaprojec4.jpg]
[www.centralpark.in/images/bellaprojec5.jpg]
[www.centralpark.in/images/bellaprojec6.jpg]
[www.centralpark.in/images/bellaprojec7.png]
[www.centralpark.in/images/bellaprojec8.png]
[www.centralpark.in/images/bellaprojec9.png]
[www.centralpark.in/images/International-Tunnel-Driveway.jpg]
[www.centralpark.in/images/Speciality-Cuisines-Restaurant.jpg]
[www.centralpark.in/images/Zero-Vehicles-Ground-Surface.jpg]
[www.centralpark.in/images/Air-purifications.jpg]
[www.centralpark.in/images/Authentic-Japanese-Restaurant.jpg]
[www.centralpark.in/images/Business-Centre.jpg]
[www.centralpark.in/images/concierge-services.jpg]
[www.centralpark.in/images/Sky-Chamber.jpg]
[www.centralpark.in/images/Spa-Sauna.jpg]
[www.centralpark.in/images/Bellavista-Jacuzzis.jpg]
[www.centralpark.in/images/Herbal_Parks.jpg]
[www.centralpark.in/images/SquashCourt.jpg]
[www.centralpark.in/images/Table-tennis.jpg]
[www.centralpark.in/images/Indoor-Rock-Climbing.jpg]
[www.centralpark.in/images/Billiards.jpg]
[www.centralpark.in/images/card-room.jpg]
[www.centralpark.in/images/Juice-Bar.jpg]
[www.centralpark.in/images/Health-Club.jpg]
[www.centralpark.in/images/Library-Bar.jpg]
[www.centralpark.in/images/Salon.jpg]
[www.centralpark.in/images/Fitness-Centre.jpg]
[www.centralpark.in/images/Acupuncture.jpg]
[www.centralpark.in/bellavista.html]
[www.centralpark.in/images/belgravia-Banner.jpg]
[www.centralpark.in/images/newestRESORTS.png]
[www.centralpark.in/images/belgravia-degree.jpg]
[www.centralpark.in/images/belgravia-degree2.jpg]
[www.centralpark.in/images/belgravia-degree3.jpg]
[www.centralpark.in/images/Exquisite-Gardens.jpg]
[www.centralpark.in/images/Featuring-Sprawling-Open-Spaces.jpg]
[www.centralpark.in/images/Fnest-Clubhouses.jpg]
[www.centralpark.in/images/Including-AFully-Equipped-Jogging-Track.jpg]
[www.centralpark.in/images/Luxury-Resort-Like-Ambience.jpg]
[www.centralpark.in/images/Sports-and-Recreational-Avenues.jpg]
[www.centralpark.in/images/Swimmingpool.jpg]
[www.centralpark.in/images/Water-Bodies.jpg]
[www.centralpark.in/belgravia-residences.html]
[www.centralpark.in/images/BeauVillas-Banner.jpg]
[www.centralpark.in/images/beauprojjects1.jpg]
[www.centralpark.in/images/beauprojjects2.jpg]
[www.centralpark.in/images/beauprojjects3.jpg]
[www.centralpark.in/images/beauprojjects4.jpg]
[www.centralpark.in/images/beauvillas-AromaBaths.jpg]
[www.centralpark.in/images/beauvillas-Footspa.jpg]
[www.centralpark.in/images/beauvillas-Naturopathy.jpg]
[www.centralpark.in/images/beauvillas-HeadMassage.jpg]
[www.centralpark.in/images/beauvillas-Reflexology.jpg]
[www.centralpark.in/images/beauvillas-BodyMassage.jpg]
[www.centralpark.in/images/beauvillas-Steam.jpg]
[www.centralpark.in/images/beauvillas-Sauna.jpg]
[www.centralpark.in/images/beauvillas-Jacuzzi.jpg]
[www.centralpark.in/images/beauvillas-HerbalParks.jpg]
[www.centralpark.in/images/beauvillas-DetoxificationDietSessions.jpg]
[www.centralpark.in/images/beauvillas-SaladBar.jpg]
[www.centralpark.in/images/beauvillas-OrganicCafe.jpg]
[www.centralpark.in/belgravia-townhouses.html]
[www.centralpark.in/images/resorts1.jpg]
[www.centralpark.in/images/resorts2.jpg]
[www.centralpark.in/images/resorts3.jpg]
[www.centralpark.in/images/resorts4.jpg]
[www.centralpark.in/images/newestRESORTS-1.png]
[www.centralpark.in/images/Herbal-Parks.jpg]
[www.centralpark.in/images/Organic-Cafe.jpg]
[www.centralpark.in/images/resorts.mp4]
[www.centralpark.in/images/resorts.ogv]
[www.centralpark.in/images/resorts.webm]
[www.centralpark.in/images/SkyVillas-pro.jpg]
[www.centralpark.in/images/Bellavista-pro.jpg]
[www.centralpark.in/images/Belgravia-pro.jpg]
[www.centralpark.in/images/BeauVillas-pro.jpg]
[www.centralpark.in/central-park-resorts.html]
[www.centralpark.in/pdf/Central Park Bignonia Brochure with new logo low-quality1.pdf]
[www.centralpark.in/images/Bignonia/CP-bignonia-banner.jpg]
[www.centralpark.in/images/newestBIGNONIA-TOWERS.png]
[www.centralpark.in/images/Bignonia/CP-bignonia-banner-mobile.webp]
[www.centralpark.in/images/Bignonia/bignonia_tower_slider_01.webp]
[www.centralpark.in/images/Bignonia/bignonia_tower_slider_02.webp]
[www.centralpark.in/images/Bignonia/bignonia_tower_slider_03.webp]
[www.centralpark.in/images/Bignonia/bignonia_tower_slider_04.webp]
[www.centralpark.in/images/Bignonia/bignonia_tower_slider_05.webp]
[www.centralpark.in/images/Bignonia/bignonia_tower_slider_06.webp]
[www.centralpark.in/images/Bignonia/bignonia_tower_slider_07.webp]
[www.centralpark.in/bignonia-tower.html]
[www.centralpark.in/images/Twin-Fountains.jpg]
[www.centralpark.in/images/orchard/CP-The-orchard-Banner1.jpg]
[www.centralpark.in/images/newestThe-Orchard.png]
[www.centralpark.in/images/orchard/CP-The-orchard-Banner2.jpg]
[www.centralpark.in/images/orchard/orchard-garden1.jpg]
[www.centralpark.in/images/orchard/orchard-garden2.jpg]
[www.centralpark.in/images/orchard/orchard-garden3.jpg]
[www.centralpark.in/images/orchard/orchard-garden4.jpg]
[www.centralpark.in/images/orchard/amen/Acres-of-Central-Greens.jpg]
[www.centralpark.in/images/orchard/amen/Dust-free-environment.jpg]
[www.centralpark.in/images/orchard/amen/Gated-Community.jpg]
[www.centralpark.in/images/orchard/amen/High-End-Specification.jpg]
[www.centralpark.in/images/orchard/amen/Multi-Tier-Security.jpg]
[www.centralpark.in/images/orchard/amen/Party-Terrace-Area.jpg]
[www.centralpark.in/images/orchard/amen/Terrace-Pool.jpg]
[www.centralpark.in/images/orchard/amen/Variety-of-Fruit-trees.jpg]
[www.centralpark.in/images/orchard/amen/Two-Side-Open-floors.jpg]
[www.centralpark.in/the-orchard.html]
[www.centralpark.in/images/FleurVilla.jpg]
[www.centralpark.in/images/FLEUR-VILLASnewsize.png]
[www.centralpark.in/images/FleurVillamobile.jpg]
[www.centralpark.in/images/fleur-degree.jpg]
[www.centralpark.in/images/fleurvillas-HerbalParks.jpg]
[www.centralpark.in/images/fleurvillas-OrganicCafe.jpg]
[www.centralpark.in/fleur-villas.html]
[www.centralpark.in/images/mikasa-Banner.jpg]
[www.centralpark.in/images/newestMIKASA-PLOTS.png]
[www.centralpark.in/images/mikasa-degree.jpg]
[www.centralpark.in/images/mikasa-HerbalParks.jpg]
[www.centralpark.in/mikasa-plots.html]
[www.centralpark.in/images/CloverFloors.jpg]
[www.centralpark.in/images/newestCLOVER-FLOORS.png]
[www.centralpark.in/images/CloverFloorsmobile.jpg]
[www.centralpark.in/images/clovprojecct1.jpg]
[www.centralpark.in/images/clovprojecct2.jpg]
[www.centralpark.in/images/clovprojecct3.jpg]
[www.centralpark.in/images/clovprojecct4.jpg]
[www.centralpark.in/images/clover-AromaBaths.jpg]
[www.centralpark.in/images/clover-Footspa.jpg]
[www.centralpark.in/images/clover-Naturopathy.jpg]
[www.centralpark.in/images/clover-HeadMassage.jpg]
[www.centralpark.in/images/clover-Reflexology.jpg]
[www.centralpark.in/images/clover-BodyMassage.jpg]
[www.centralpark.in/images/clover-Steam.jpg]
[www.centralpark.in/images/clover-Sauna.jpg]
[www.centralpark.in/images/clover-Jacuzzi.jpg]
[www.centralpark.in/images/clover-SunBath.jpg]
[www.centralpark.in/images/clover-NatureWalks.jpg]
[www.centralpark.in/images/clover-DetoxificationDietSessions.jpg]
[www.centralpark.in/images/clover-SaladBar.jpg]
[www.centralpark.in/clover-floors.html]
[www.centralpark.in/images/clover-OrganicCafe.jpg]
[www.centralpark.in/images/Cerise Floors.jpg]
[www.centralpark.in/images/newestCERISE-FLOORS.png]
[www.centralpark.in/images/Cerise Floorsmobile.jpg]
[www.centralpark.in/images/ceriseprojjects1.jpg]
[www.centralpark.in/images/ceriseprojjects2.jpg]
[www.centralpark.in/images/ceriseprojjects3.jpg]
[www.centralpark.in/images/ceriseprojjects4.jpg]
[www.centralpark.in/images/ceriseprojjects5.jpg]
[www.centralpark.in/images/ceriseprojjects6.jpg]
[www.centralpark.in/images/ceriseprojjects7.jpg]
[www.centralpark.in/images/ceriseprojjects8.jpg]
[www.centralpark.in/images/ceriseprojjects9.jpg]
[www.centralpark.in/images/ceriseprojjects10.jpg]
[www.centralpark.in/images/ceriseprojjects11.jpg]
[www.centralpark.in/images/ceriseprojjects12.jpg]
[www.centralpark.in/images/ceriseprojjects13.jpg]
[www.centralpark.in/images/ceriseprojjects14.jpg]
[www.centralpark.in/images/ceriseprojjects15.jpg]
[www.centralpark.in/images/ceriseprojjects16.jpg]
[www.centralpark.in/images/ceriseprojjects17.jpg]
[www.centralpark.in/images/ceriseprojjects18.jpg]
[www.centralpark.in/images/ceriseprojjects19.jpg]
[www.centralpark.in/images/ceriseprojjects20.jpg]
[www.centralpark.in/images/ceriseprojjects21.jpg]
[www.centralpark.in/images/ceriseprojjects22.jpg]
[www.centralpark.in/images/cerise-HerbalParks.jpg]
[www.centralpark.in/images/cerise-OrganicCafe.jpg]
[www.centralpark.in/cerise-floors.html]
[www.centralpark.in/images/FlamingoFloors.jpg]
[www.centralpark.in/images/newestFLAMINGO-FLOORS.png]
[www.centralpark.in/images/FlamingoFloorsmobile.jpg]
[www.centralpark.in/images/flamgprojecct1.jpg]
[www.centralpark.in/images/flamgprojecct2.jpg]
[www.centralpark.in/images/flamgprojecct3.jpg]
[www.centralpark.in/images/flamgprojecct4.jpg]
[www.centralpark.in/images/flamgprojecct5.jpg]
[www.centralpark.in/images/flamgprojecct6.jpg]
[www.centralpark.in/images/flamgprojecct7.jpg]
[www.centralpark.in/images/flamgprojecct8.jpg]
[www.centralpark.in/images/flamgprojecct9.jpg]
[www.centralpark.in/images/flamgprojecct10.jpg]
[www.centralpark.in/images/flamgprojecct11.jpg]
[www.centralpark.in/images/flamgprojecct12.jpg]
[www.centralpark.in/images/flamgprojecct13.jpg]
[www.centralpark.in/flamingo-floors.html]
[www.centralpark.in/images/AquaFrontTowers.png]
[www.centralpark.in/images/newestAQUA-FRONT-TOWERS.png]
[www.centralpark.in/images/aqua-degree3.jpg]
[www.centralpark.in/images/aqua-degree4.jpg]
[www.centralpark.in/aqua-front-towers.html]
[www.centralpark.in/images/aqua-HerbalParks.jpg]
[www.centralpark.in/images/therooomnewbnne.jpg]
[www.centralpark.in/images/newestTHE-ROOM.png]
[www.centralpark.in/images/theroomprojects2.jpg]
[www.centralpark.in/images/theroomprojects3.jpg]
[www.centralpark.in/images/theroomprojects4.jpg]
[www.centralpark.in/images/theroomprojects5.jpg]
[www.centralpark.in/images/theroomprojects6.jpg]
[www.centralpark.in/images/theroomprojects7.jpg]
[www.centralpark.in/images/theroomprojects8.jpg]
[www.centralpark.in/images/theroomprojects9.jpg]
[www.centralpark.in/images/room-HerbalParks.jpg]
[www.centralpark.in/the-room.html]
[www.centralpark.in/images/fLower-valley-innner.webp]
[www.centralpark.in/images/thheeeseconds.jpg]
[www.centralpark.in/images/flowervelly-image.jpg]
[www.centralpark.in/images/neflovaimga.jpg]
[www.centralpark.in/images/newestFLOWER-VALLEY.png]
[www.centralpark.in/images/Central Park Flower Valley.mp4]
[www.centralpark.in/images/Bignonia/scrollselene.png]
[www.centralpark.in/images/Bignonia/thheepixelated.png]
[www.centralpark.in/images/Mikasa-Plots.jpg]
[www.centralpark.in/flower-valley-township.html]
[www.centralpark.in/images/room1.jpg]
[www.centralpark.in/images/room2.jpg]
[www.centralpark.in/images/room3.jpg]
[www.centralpark.in/images/room4.jpg]
[www.centralpark.in/images/THE-ROOMnewsize2.png]
[www.centralpark.in/central-park-the-room.html]
[www.centralpark.in/images/bellevue1.jpg]
[www.centralpark.in/images/bellevue2.jpg]
[www.centralpark.in/images/bellevue3.jpg]
[www.centralpark.in/images/bellevue4.jpg]
[www.centralpark.in/images/Bellevuenewsize.png]
[www.centralpark.in/central-park-bellevue.html]
[www.centralpark.in/images/Golf1.jpg]
[www.centralpark.in/images/Golf2.jpg]
[www.centralpark.in/images/Golf3.jpg]
[www.centralpark.in/images/Golf5.jpg]
[www.centralpark.in/images/Golf-Course-Roadnewsize.png]
[www.centralpark.in/central-park-golf-course.html]
[www.centralpark.in/images/St-Jerome-Logo(Final).svg]
[www.centralpark.in/css/select2.min.css]
[www.centralpark.in/css/jquery.range.css]
[www.centralpark.in/css/jquery-ui.css]
[www.centralpark.in/images/footer_icon.svg]
[www.centralpark.in/images/Award-Banner.jpg]
[www.centralpark.in/images/Best-Township-in-Delhi.jpg]
[www.centralpark.in/images/awards/idea-website.jpg]
[www.centralpark.in/images/awards/best-township.jpg]
[www.centralpark.in/images/awards/bellavista-suites.jpg]
[www.centralpark.in/images/awards/flowervalley.jpg]
[www.centralpark.in/images/awards/premium- housing.jpg]
[www.centralpark.in/images/awards-2019/1.jpg]
[www.centralpark.in/images/awards-2018/1.jpg]
[www.centralpark.in/images/awards-2018/2.jpg]
[www.centralpark.in/images/awards-2018/3.jpg]
[www.centralpark.in/images/awards-2018/4.jpg]
[www.centralpark.in/images/awards-2018/5.jpg]
[www.centralpark.in/images/awards-2018/6.jpg]
[www.centralpark.in/images/awards-2018/7.jpg]
[www.centralpark.in/images/awards-2018/8.jpg]
[www.centralpark.in/images/awards-2018/9.jpg]
[www.centralpark.in/images/awards-2018/10.jpg]
[www.centralpark.in/images/awards-2018/11.jpg]
[www.centralpark.in/awards.html]
[www.centralpark.in/images/OSE.svg]
[www.centralpark.in/images/Vedanya.svg]
[www.centralpark.in/images/Meridien1.svg]
[www.centralpark.in/images/Aloft1.svg]
[www.centralpark.in/images/arrow-white.svg]
[www.centralpark.in/images/logo2.svg]
[www.centralpark.in/blog/wp-includes/css/dist/block-library/style.min521e.css]
[www.centralpark.in/blog/wp-content/themes/twentyseventeen/style3ce7.css]
[www.centralpark.in/blog/wp-content/themes/twentyseventeen/assets/css/blocksfbfa.css]
[www.centralpark.in/blog/xmlrpc0db0.html]
[www.centralpark.in/blog/what-makes-central-park-2-gurgaon-a-premier-investment-choice/feed/index.html]
[www.centralpark.in/blog/wp-includes/js/comment-reply.min521e.js]
[www.centralpark.in/blog/what-makes-central-park-2-gurgaon-a-premier-investment-choice/index.html]
[www.centralpark.in/blog/category/latest-post/index.html]
[www.centralpark.in/blog/category/latest-post/feed/index.html]
[www.centralpark.in/blog/where-to-spot-the-most-promising-new-launch-projects-in-gurgaon/feed/index.html]
[www.centralpark.in/blog/where-to-spot-the-most-promising-new-launch-projects-in-gurgaon/index.html]
[www.centralpark.in/blog/gurgaons-trusted-companies-for-luxury-property-investment-in-2025/feed/index.html]
[www.centralpark.in/blog/gurgaons-trusted-companies-for-luxury-property-investment-in-2025/index.html]
[www.centralpark.in/blog/long-term-investment-value-in-central-parks-residential-developments/feed/index.html]
[www.centralpark.in/blog/long-term-investment-value-in-central-parks-residential-developments/index.html]
[www.centralpark.in/blog/which-sectors-in-gurgaon-offer-the-most-structured-residential-growth/feed/index.html]
[www.centralpark.in/blog/which-sectors-in-gurgaon-offer-the-most-structured-residential-growth/index.html]
[www.centralpark.in/blog/identifying-the-best-property-to-invest-in-gurgaon-a-practical-evaluation/feed/index.html]
[www.centralpark.in/blog/identifying-the-best-property-to-invest-in-gurgaon-a-practical-evaluation/index.html]
[www.centralpark.in/blog/buy-your-dream-luxury-apartment-in-gurgaon/feed/index.html]
[www.centralpark.in/blog/buy-your-dream-luxury-apartment-in-gurgaon/index.html]
[www.centralpark.in/blog/thinking-of-buying-a-luxury-apartment-in-gurgaon-act-now/feed/index.html]
[www.centralpark.in/blog/thinking-of-buying-a-luxury-apartment-in-gurgaon-act-now/index.html]
[www.centralpark.in/blog/best-property-to-invest-in-gurgaon-2/feed/index.html]
[www.centralpark.in/blog/best-property-to-invest-in-gurgaon-2/index.html]
[www.centralpark.in/blog/best-property-to-invest-in-gurgaon/feed/index.html]
[www.centralpark.in/blog/best-property-to-invest-in-gurgaon/index.html]
[www.centralpark.in/blog/5-best-properties-to-invest-in-gurgaon-for-high-returns-in-2025/feed/index.html]
[www.centralpark.in/blog/5-best-properties-to-invest-in-gurgaon-for-high-returns-in-2025/index.html]
[www.centralpark.in/images/arrow-tab.svg]
[www.centralpark.in/css/bootstrap.min.css]
[www.centralpark.in/fonts/KelsonSans-Normal.svg]
[www.centralpark.in/fonts/Butler.svg]
[www.centralpark.in/fonts/KelsonSans-Light.svg]
[www.centralpark.in/fonts/Freight-BigLight.svg]
[www.centralpark.in/beau-villas.html]
[www.centralpark.in/images/floorplan19/Site-Plan---2019.jpg]
[www.centralpark.in/images/floorplan19/Tower-J-(A)---2019.jpg]
[www.centralpark.in/images/floorplan19/Tower-J-(B)---2019.jpg]
[www.centralpark.in/images/floorplan19/Tower-J-(C)---2019.jpg]
[www.centralpark.in/images/floorplan19/Tower-J-Elevation-Section---2019.jpg]
[www.centralpark.in/images/floorplan19/Tower-J---Section-&-Elevation---2019.jpg]
[www.centralpark.in/images/floorplan19/EWS---2019.jpg]
[www.centralpark.in/images/floorplan19/EWS---Section-Elevation---2019.jpg]
[www.centralpark.in/images/floorplan19/Upper-Basement-2019.jpg]
[www.centralpark.in/images/floorplan19/Lower-Basement-2019.jpg]
[www.centralpark.in/images/floorplan19/Community-Building---2019.jpg]
[www.centralpark.in/images/floorplan19/Convenient-Shopping---2019.jpg]
[www.centralpark.in/images/floorplan19/Landscape-Plan---2019.jpg]
[www.centralpark.in/images/floorplan22/Site-Plan.jpg]
[www.centralpark.in/images/floorplan22/Site-Plan-with-Services.jpg]
[www.centralpark.in/images/floorplan22/Tower-J-(A).jpg]
[www.centralpark.in/images/floorplan22/Tower-J-(B).jpg]
[www.centralpark.in/images/floorplan22/Tower-J-(C).jpg]
[www.centralpark.in/images/floorplan22/Tower-J---Elevation.jpg]
[www.centralpark.in/images/floorplan22/EWS.jpg]
[www.centralpark.in/images/floorplan22/EWS-Elevation-&-Section-1.jpg]
[www.centralpark.in/images/floorplan22/EWS-Elevation-&-Section-2.jpg]
[www.centralpark.in/images/floorplan22/Upper-Basement-(A).jpg]
[www.centralpark.in/images/floorplan22/Upper-Basement-(B).jpg]
[www.centralpark.in/images/floorplan22/Lower-Basement-(A).jpg]
[www.centralpark.in/images/floorplan22/Lower-basement-(B).jpg]
[www.centralpark.in/images/floorplan22/Community-Building.jpg]
[www.centralpark.in/images/floorplan22/Community-Building---Section-Elevation.jpg]
[www.centralpark.in/images/floorplan22/Commercial.jpg]
[www.centralpark.in/images/floorplan22/Landscape-Plan.jpg]
[www.centralpark.in/building-plan.html]
[www.centralpark.in/pdf/earlier-approved.pdf]
[www.centralpark.in/images/Earlier-approved-layout-plan.jpg]
[www.centralpark.in/pdf/proposed-layout.pdf]
[www.centralpark.in/images/proposed-Layout-plan.jpg]
[www.centralpark.in/fv-public-notice.html]
[www.centralpark.in/css/images/ui-bg_highlight-soft_75_cccccc_1x100.html]
[www.centralpark.in/css/images/ui-bg_glass_75_dadada_1x400.html]
[www.centralpark.in/css/images/ui-bg_glass_65_ffffff_1x400.html]
[www.centralpark.in/css/images/ui-bg_glass_55_fbf9ee_1x400.html]
[www.centralpark.in/css/images/ui-bg_glass_95_fef1ec_1x400.html]
[www.centralpark.in/css/images/ui-icons_222222_256x240.html]
[www.centralpark.in/css/images/ui-icons_888888_256x240.html]
[www.centralpark.in/css/images/ui-icons_454545_256x240.html]
[www.centralpark.in/css/images/ui-icons_2e83ff_256x240.html]
[www.centralpark.in/css/images/ui-icons_cd0a0a_256x240.html]
[www.centralpark.in/css/images/ui-bg_flat_0_aaaaaa_40x100.html]
[www.centralpark.in/blog/indexc61a.html]
[www.centralpark.in/blog/wp-json/oembed/1.0/embed9cc8.json]
[www.centralpark.in/blog/wp-json/oembed/1.0/embed2af0]
[www.centralpark.in/blog/xmlrpc.html]
[www.centralpark.in/blog/index4aec.html]
[www.centralpark.in/blog/wp-json/oembed/1.0/embed3ee6.json]
[www.centralpark.in/blog/wp-json/oembed/1.0/embedbf77]
[www.centralpark.in/blog/indexb63e.html]
[www.centralpark.in/blog/wp-json/oembed/1.0/embed35fd.json]
[www.centralpark.in/blog/wp-json/oembed/1.0/embed39f4]
[www.centralpark.in/blog/central-park-2-3-gurgaon/feed/index.html]
[www.centralpark.in/blog/wp-content/uploads/2025/01/Central-park.jpg]
[www.centralpark.in/blog/central-park-2-3-gurgaon/index.html]
[www.centralpark.in/blog/indexf66f.html]
[www.centralpark.in/blog/wp-json/oembed/1.0/embed9829.json]
[www.centralpark.in/blog/wp-json/oembed/1.0/embed1ba5]
[www.centralpark.in/blog/index272e.html]
[www.centralpark.in/blog/wp-json/oembed/1.0/embed25ea.json]
[www.centralpark.in/blog/wp-json/oembed/1.0/embed4c82]
[www.centralpark.in/blog/experience-the-luxury-lifestyle-at-central-park-gurgaon/feed/index.html]
[www.centralpark.in/blog/wp-content/uploads/2024/12/bellaprojec9.png]
[www.centralpark.in/blog/experience-the-luxury-lifestyle-at-central-park-gurgaon/index.html]
[www.centralpark.in/blog/indexdc17.html]
[www.centralpark.in/blog/wp-json/oembed/1.0/embed6d53.json]
[www.centralpark.in/blog/wp-json/oembed/1.0/embed7cb9]
[www.centralpark.in/blog/indexb8e9.html]
[www.centralpark.in/blog/wp-json/oembed/1.0/embed9e65.json]
[www.centralpark.in/blog/wp-json/oembed/1.0/embed0cab]
[www.centralpark.in/blog/index313f.html]
[www.centralpark.in/blog/wp-json/oembed/1.0/embed5e52.json]
[www.centralpark.in/blog/wp-json/oembed/1.0/embed7e03]
[www.centralpark.in/blog/top-5-most-luxurious-apartments-in-gurgaon/feed/index.html]
[www.centralpark.in/blog/wp-content/uploads/2024/11/Buy-luxury-apartments-in-Gurgaon.jpg]
[www.centralpark.in/blog/top-5-most-luxurious-apartments-in-gurgaon/index.html]
[www.centralpark.in/blog/indexa8fe.html]
[www.centralpark.in/blog/wp-json/oembed/1.0/embedb2a6.json]
[www.centralpark.in/blog/wp-json/oembed/1.0/embedffb8]
[www.centralpark.in/blog/index664b.html]
[www.centralpark.in/blog/wp-json/oembed/1.0/embed9837.json]
[www.centralpark.in/blog/wp-json/oembed/1.0/embed5939]
[www.centralpark.in/blog/index5e3b.html]
[www.centralpark.in/blog/wp-json/oembed/1.0/embedebcf.json]
[www.centralpark.in/blog/wp-json/oembed/1.0/embed64aa]
[www.centralpark.in/blog/central-park-flower-valley-gurgaon/feed/index.html]
[www.centralpark.in/blog/central-park-flower-valley-gurgaon/index.html]
[www.centralpark.in/blog/index78eb.html]
[www.centralpark.in/blog/wp-json/oembed/1.0/embedf011.json]
[www.centralpark.in/blog/wp-json/oembed/1.0/embed2cd6]
[www.centralpark.in/blog/wp-content/uploads/2025/01/Central-Park-Flower-Valley.jpg]
[www.centralpark.in/blog/central-park-flower-valley-luxury-homes-in-gurgaon/feed/index.html]
[www.centralpark.in/blog/central-park-flower-valley-luxury-homes-in-gurgaon/index.html]
[www.centralpark.in/blog/wp-content/uploads/2018/05/IMG_5076-copy-1.jpg]
[www.centralpark.in/blog/everything-you-need-to-know-about-living-in-luxury-at-central-park-gurgaon/feed/index.html]
[www.centralpark.in/blog/wp-content/uploads/2024/12/beauprojjects2.jpg]
[www.centralpark.in/blog/everything-you-need-to-know-about-living-in-luxury-at-central-park-gurgaon/index.html]
[www.centralpark.in/blog/index25b8.html]
[www.centralpark.in/blog/wp-json/oembed/1.0/embed6ba6.json]
[www.centralpark.in/blog/wp-json/oembed/1.0/embedc13c]
[www.centralpark.in/blog/wp-content/uploads/2019/03/CENTRAL-PARK-0317_015.jpg]
[www.centralpark.in/blog/luxurious-renting-ncr-considered-game-changer-real-estate-experts/index.html]
[www.centralpark.in/blog/luxury-residential-spaces-the-emerging-nexus-of-investment-by-nris/feed/index.html]
[www.centralpark.in/blog/luxury-residential-spaces-the-emerging-nexus-of-investment-by-nris/index.html]
[www.centralpark.in/blog/wp-content/uploads/2023/07/Luxury-Residential-Spaces_-The-emerging-nexus-of-investment-by-NRIs-Central-Park.jpg]
[www.centralpark.in/blog/top-reasons-to-invest-in-central-park-gurgaon/feed/index.html]
[www.centralpark.in/blog/wp-content/uploads/2024/12/bellaprojec4.jpg]
[www.centralpark.in/blog/top-reasons-to-invest-in-central-park-gurgaon/index.html]
[www.centralpark.in/blog/index31fc.html]
[www.centralpark.in/blog/wp-json/oembed/1.0/embedef15.json]
[www.centralpark.in/blog/wp-json/oembed/1.0/embed81b7]
[www.centralpark.in/blog/3-reasons-why-you-should-invest-in-luxury-property-in-gurgaon/feed/index.html]
[www.centralpark.in/blog/wp-content/uploads/2024/10/beauprojjects1.jpg]
[www.centralpark.in/blog/3-reasons-why-you-should-invest-in-luxury-property-in-gurgaon/index.html]
[www.centralpark.in/blog/central-park-gurgaon-the-pinnacle-of-luxury-and-investment-opportunity/feed/index.html]
[www.centralpark.in/blog/central-park-gurgaon-the-pinnacle-of-luxury-and-investment-opportunity/index.html]
[www.centralpark.in/blog/indexdd7c.html]
[www.centralpark.in/blog/wp-json/oembed/1.0/embede1ef.json]
[www.centralpark.in/blog/wp-json/oembed/1.0/embed2183]
[www.centralpark.in/blog/index61f2.html]
[www.centralpark.in/blog/wp-json/oembed/1.0/embed2314.json]
[www.centralpark.in/blog/wp-json/oembed/1.0/embed2ea7]
[www.centralpark.in/blog/wp-content/uploads/2024/12/orchard-garden2-1.jpg]
[www.centralpark.in/blog/the-flower-valley-a-quintessential-holistic-township/feed/index.html]
[www.centralpark.in/blog/wp-content/uploads/2023/07/The-Flower-Valley_-A-Quintessential-Holistic-Township.jpg]
[www.centralpark.in/blog/the-flower-valley-a-quintessential-holistic-township/index.html]
[www.centralpark.in/blog/index8fde.html]
[www.centralpark.in/blog/wp-json/oembed/1.0/embed6fcd.json]
[www.centralpark.in/blog/wp-json/oembed/1.0/embedf6f0]
[www.centralpark.in/blog/wp-content/uploads/2018/11/skyvilla.jpg]
[www.centralpark.in/blog/benefits-leasing-house-central-park/index.html]
[www.centralpark.in/blog/indexba86.html]
[www.centralpark.in/blog/wp-json/oembed/1.0/embedef90.json]
[www.centralpark.in/blog/wp-json/oembed/1.0/embedf017]
[www.centralpark.in/blog/indian-real-state-market-2018-2019/index.html]
[www.centralpark.in/blog/wp-content/uploads/2019/03/IMG_1308.jpg]
[www.centralpark.in/blog/wp-content/uploads/2020/01/centralpark01.jpg]
[www.centralpark.in/blog/room-ideal-concept-luxury-studio-apartments/index.html]
[www.centralpark.in/blog/indexf425.html]
[www.centralpark.in/blog/wp-json/oembed/1.0/embedff04.json]
[www.centralpark.in/blog/wp-json/oembed/1.0/embed8b0e]
[www.centralpark.in/blog/the-orchard-a-bespoke-luxury-haven-in-the-lap-of-nature/feed/index.html]
[www.centralpark.in/blog/wp-content/uploads/2023/07/The-Orchard_-A-Bespoke-Luxury-Haven-in-the-Lap-of-Nature.jpg]
[www.centralpark.in/blog/the-orchard-a-bespoke-luxury-haven-in-the-lap-of-nature/index.html]
[www.centralpark.in/blog/index5d09.html]
[www.centralpark.in/blog/wp-json/oembed/1.0/embed4a89.json]
[www.centralpark.in/blog/wp-json/oembed/1.0/embedfe2a]
[www.centralpark.in/blog/indexc5e7.html]
[www.centralpark.in/blog/wp-json/oembed/1.0/embed7c74.json]
[www.centralpark.in/blog/wp-json/oembed/1.0/embed0edf]
[www.centralpark.in/blog/wp-content/uploads/2019/01/SKYVILLA-0317_053.jpg]
[www.centralpark.in/blog/central-park-resorts-sky-villas-redefining-luxury/index.html]
[www.centralpark.in/blog/indexcbf7.html]
[www.centralpark.in/blog/wp-json/oembed/1.0/embedb382.json]
[www.centralpark.in/blog/wp-json/oembed/1.0/embed7bca]
[www.centralpark.in/blog/indexc9c1.html]
[www.centralpark.in/blog/wp-json/oembed/1.0/embed1c55.json]
[www.centralpark.in/blog/wp-json/oembed/1.0/embed864a]
[www.centralpark.in/blog/home-away-from-home-how-central-park-reimagined-luxurious-dwellings/feed/index.html]
[www.centralpark.in/blog/wp-content/uploads/2023/03/Reimagined.jpg]
[www.centralpark.in/blog/home-away-from-home-how-central-park-reimagined-luxurious-dwellings/index.html]
[www.centralpark.in/blog/index6233.html]
[www.centralpark.in/blog/wp-json/oembed/1.0/embedbf52.json]
[www.centralpark.in/blog/wp-json/oembed/1.0/embed9d69]
[www.centralpark.in/blog/5-reasons-makes-clover-floor-wise-investment/index.html]
[www.centralpark.in/blog/wp-content/uploads/2018/11/image-1.png]
[www.centralpark.in/blog/wp-content/uploads/2018/12/shutterstock_275646686.jpg]
[www.centralpark.in/blog/technology-real-estate-sector/index.html]
[www.centralpark.in/blog/index8902.html]
[www.centralpark.in/blog/wp-json/oembed/1.0/embedb074.json]
[www.centralpark.in/blog/wp-json/oembed/1.0/embedfffd]
[www.centralpark.in/blog/wp-content/uploads/2019/01/Club-Capri-Exterior-Dusk-without-background-building.jpg]
[www.centralpark.in/blog/brunch-experience-club-capri/index.html]
[www.centralpark.in/blog/index0dc6.html]
[www.centralpark.in/blog/wp-json/oembed/1.0/embedfba7.json]
[www.centralpark.in/blog/wp-json/oembed/1.0/embed7d65]
[www.centralpark.in/blog/index2fb6.html]
[www.centralpark.in/blog/wp-json/oembed/1.0/embed3468.json]
[www.centralpark.in/blog/wp-json/oembed/1.0/embedaa2e]
[www.centralpark.in/blog/index9076.html]
[www.centralpark.in/blog/wp-json/oembed/1.0/embedd9bd.json]
[www.centralpark.in/blog/wp-json/oembed/1.0/embedcf19]
[www.centralpark.in/blog/wp-content/uploads/2019/01/SKYVILLA-0317_005.jpg]
[www.centralpark.in/blog/customer-experience-new-differentiator/index.html]
[www.centralpark.in/blog/wp-content/uploads/2019/01/shutterstock_710671219.jpg]
[www.centralpark.in/blog/impact-real-estate-industry/index.html]
[www.centralpark.in/blog/indexb0f8.html]
[www.centralpark.in/blog/wp-json/oembed/1.0/embedba29.json]
[www.centralpark.in/blog/wp-json/oembed/1.0/embedf282]
[www.centralpark.in/blog/indexc807.html]
[www.centralpark.in/blog/wp-json/oembed/1.0/embed3c8c.json]
[www.centralpark.in/blog/wp-json/oembed/1.0/embed99eb]
[www.centralpark.in/blog/wp-content/uploads/2018/11/clover2-1.jpg]
[www.centralpark.in/blog/intelligent-homes-equal-comfort-conveniencefuture-scalability/index.html]
[www.centralpark.in/blog/indexc544.html]
[www.centralpark.in/blog/wp-json/oembed/1.0/embede338.json]
[www.centralpark.in/blog/wp-json/oembed/1.0/embed22d5]
[www.centralpark.in/blog/wp-content/uploads/2019/01/shutterstock_361276511.jpg]
[www.centralpark.in/blog/major-trends-indian-real-estate-industry-2019-outlook/index.html]
[www.centralpark.in/blog/indexd0b8.html]
[www.centralpark.in/blog/wp-json/oembed/1.0/embed5faa.json]
[www.centralpark.in/blog/wp-json/oembed/1.0/embedd618]
[www.centralpark.in/blog/index7dad.html]
[www.centralpark.in/blog/wp-json/oembed/1.0/embed6388.json]
[www.centralpark.in/blog/wp-json/oembed/1.0/embed3da4]
[www.centralpark.in/blog/index90dd.html]
[www.centralpark.in/blog/wp-json/oembed/1.0/embed512f.json]
[www.centralpark.in/blog/wp-json/oembed/1.0/embedd6ce]
[www.centralpark.in/blog/indexe1a1.html]
[www.centralpark.in/blog/wp-json/oembed/1.0/embede00f.json]
[www.centralpark.in/blog/wp-json/oembed/1.0/embed9e89]
[www.centralpark.in/blog/wp-content/uploads/2018/10/Exterior-Dusk.jpg]
[www.centralpark.in/blog/flamingo-floors-luxury-air-conditioned-independent-living/index.html]
[www.centralpark.in/blog/indexc524.html]
[www.centralpark.in/blog/wp-json/oembed/1.0/embed5c5c.json]
[www.centralpark.in/blog/wp-json/oembed/1.0/embedba39]
[www.centralpark.in/blog/index85b0.html]
[www.centralpark.in/blog/wp-json/oembed/1.0/embed32f2.json]
[www.centralpark.in/blog/wp-json/oembed/1.0/embed215e]
[www.centralpark.in/blog/wp-content/uploads/2018/09/shutterstock_260665868.jpg]
[www.centralpark.in/blog/smart-home-smart-buying-book-home-online/index.html]
[www.centralpark.in/blog/index4580.html]
[www.centralpark.in/blog/wp-json/oembed/1.0/embeddaa8.json]
[www.centralpark.in/blog/wp-json/oembed/1.0/embed9beb]
[www.centralpark.in/blog/smart-buying-smart-consumers-digital-transforming-experience-buying-homes/index.html]
[www.centralpark.in/blog/indexc902.html]
[www.centralpark.in/blog/wp-json/oembed/1.0/embed7f3e.json]
[www.centralpark.in/blog/wp-json/oembed/1.0/embedfe10]
[www.centralpark.in/blog/wp-content/uploads/2018/09/blog.jpg]
[www.centralpark.in/blog/know-6-different-asset-classes-central-park-flower-valley/index.html]
[www.centralpark.in/blog/indexba1b.html]
[www.centralpark.in/blog/wp-json/oembed/1.0/embedb8a6.json]
[www.centralpark.in/blog/wp-json/oembed/1.0/embed0480]
[www.centralpark.in/blog/wp-content/uploads/2018/08/image.jpg]
[www.centralpark.in/blog/wp-content/uploads/2018/08/img.jpg]
[www.centralpark.in/blog/7-different-types-homes/index.html]
[www.centralpark.in/blog/index4e6a.html]
[www.centralpark.in/blog/wp-json/oembed/1.0/embed6a87.json]
[www.centralpark.in/blog/wp-json/oembed/1.0/embedc7ba]
[www.centralpark.in/blog/got-convinced-invest-live-aft/index.html]
[www.centralpark.in/blog/indexcb89.html]
[www.centralpark.in/blog/wp-json/oembed/1.0/embed8f27.json]
[www.centralpark.in/blog/wp-json/oembed/1.0/embedacf9]
[www.centralpark.in/blog/wp-content/uploads/2018/08/AFT.jpg]
[www.centralpark.in/blog/wp-content/uploads/2018/07/Banking-Blog-Image.jpg]
[www.centralpark.in/blog/role-banking-real-estate/index.html]
[www.centralpark.in/blog/indexf45e.html]
[www.centralpark.in/blog/wp-json/oembed/1.0/embed4da4.json]
[www.centralpark.in/blog/wp-json/oembed/1.0/embed92cc]
[www.centralpark.in/blog/amazing-weather-amazing-place-great-combination/feed/index.html]
[www.centralpark.in/blog/wp-content/uploads/2018/07/Monsoon-Blog-Image.jpg]
[www.centralpark.in/blog/amazing-weather-amazing-place-great-combination/index.html]
[www.centralpark.in/blog/indexbbbf.html]
[www.centralpark.in/blog/wp-json/oembed/1.0/embed1810.json]
[www.centralpark.in/blog/wp-json/oembed/1.0/embedc4e6]
[www.centralpark.in/blog/5-feng-shui-tips-home/feed/index.html]
[www.centralpark.in/blog/5-feng-shui-tips-home/index.html]
[www.centralpark.in/blog/index7b17.html]
[www.centralpark.in/blog/wp-json/oembed/1.0/embed7a05.json]
[www.centralpark.in/blog/wp-json/oembed/1.0/embed210a]
[www.centralpark.in/blog/wp-content/uploads/2018/05/PENTHOUSE-C_017.jpg]
[www.centralpark.in/blog/whether-salon-grocery-medical-aid-central-park-takes-care-last-minute-needs/feed/index.html]
[www.centralpark.in/blog/wp-content/uploads/2018/05/Screen-Shot-2018-05-15-at-6.28.22-PM-1.jpg]
[www.centralpark.in/blog/whether-salon-grocery-medical-aid-central-park-takes-care-last-minute-needs/index.html]
[www.centralpark.in/blog/index3440.html]
[www.centralpark.in/blog/wp-json/oembed/1.0/embed454b.json]
[www.centralpark.in/blog/wp-json/oembed/1.0/embedd33e]
[www.centralpark.in/blog/ten-reasons-central-park-flower-valley-attractive-choice/feed/index.html]
[www.centralpark.in/blog/ten-reasons-central-park-flower-valley-attractive-choice/index.html]
[www.centralpark.in/blog/index5e74.html]
[www.centralpark.in/blog/wp-json/oembed/1.0/embed9a55.json]
[www.centralpark.in/blog/wp-json/oembed/1.0/embed1ebc]
[www.centralpark.in/blog/read-reaching-central-park-flower-valley-just-15-minutes/feed/index.html]
[www.centralpark.in/blog/read-reaching-central-park-flower-valley-just-15-minutes/index.html]
[www.centralpark.in/blog/index17d5.html]
[www.centralpark.in/blog/wp-json/oembed/1.0/embed5ab7.json]
[www.centralpark.in/blog/wp-json/oembed/1.0/embed1361]
[www.centralpark.in/blog/wp-content/uploads/2018/04/sky.jpg]
[www.centralpark.in/blog/love-enjoying-evening-breeze-strolling-central-greens/feed/index.html]
[www.centralpark.in/blog/love-enjoying-evening-breeze-strolling-central-greens/index.html]
[www.centralpark.in/blog/indexbbc7.html]
[www.centralpark.in/blog/wp-json/oembed/1.0/embed816c.json]
[www.centralpark.in/blog/wp-json/oembed/1.0/embed6916]
[www.centralpark.in/blog/wp-content/uploads/2018/04/Central-Park-Resort.jpg]
[www.centralpark.in/blog/guests-share-experience-fabulous-dinner-da-mauro-restaurant-read-delightful-story/feed/index.html]
[www.centralpark.in/blog/guests-share-experience-fabulous-dinner-da-mauro-restaurant-read-delightful-story/index.html]
[www.centralpark.in/blog/indexd7d8.html]
[www.centralpark.in/blog/wp-json/oembed/1.0/embed50e2.json]
[www.centralpark.in/blog/wp-json/oembed/1.0/embed8b98]
[www.centralpark.in/blog/wp-content/uploads/2018/04/CP-Dinner.jpg]
[www.centralpark.in/blog/sports-always-integral-part-lives-central-park-truly-believes-offering-spaces/feed/index.html]
[www.centralpark.in/blog/wp-content/uploads/2018/04/Sports-Integral-Part.jpg]
[www.centralpark.in/blog/sports-always-integral-part-lives-central-park-truly-believes-offering-spaces/index.html]
[www.centralpark.in/blog/index421d.html]
[www.centralpark.in/blog/wp-json/oembed/1.0/embed3266.json]
[www.centralpark.in/blog/wp-json/oembed/1.0/embedbbc6]
[www.centralpark.in/blog/customer-experience-cornerstone-successful-brand/feed/index.html]
[www.centralpark.in/blog/customer-experience-cornerstone-successful-brand/index.html]
[www.centralpark.in/blog/index248a.html]
[www.centralpark.in/blog/wp-json/oembed/1.0/embed0cb1.json]
[www.centralpark.in/blog/wp-json/oembed/1.0/embed802a]
[www.centralpark.in/blog/wp-content/uploads/2018/02/zero-water.jpg]
[www.centralpark.in/blog/central-park-fulfilling-liveability-index-best-property-option/feed/index.html]
[www.centralpark.in/blog/central-park-fulfilling-liveability-index-best-property-option/index.html]
[www.centralpark.in/blog/index9c49.html]
[www.centralpark.in/blog/wp-json/oembed/1.0/embed7067.json]
[www.centralpark.in/blog/wp-json/oembed/1.0/embed0471]
[www.centralpark.in/blog/wp-content/uploads/2018/01/934x622-3.jpg]
[www.centralpark.in/blog/vastu-tips-buying-new-home-festive-season/feed/index.html]
[www.centralpark.in/blog/wp-content/uploads/2017/09/cp-vastu.jpg]
[www.centralpark.in/blog/vastu-tips-buying-new-home-festive-season/index.html]
[www.centralpark.in/blog/index7896.html]
[www.centralpark.in/blog/wp-json/oembed/1.0/embede8ab.json]
[www.centralpark.in/blog/wp-json/oembed/1.0/embede76e]
[www.centralpark.in/blog/my-child-made-his-first-friend-at-the-childrens-amusement-park/feed/index.html]
[www.centralpark.in/blog/my-child-made-his-first-friend-at-the-childrens-amusement-park/index.html]
[www.centralpark.in/blog/indexb5fb.html]
[www.centralpark.in/blog/wp-json/oembed/1.0/embed5fae.json]
[www.centralpark.in/blog/wp-json/oembed/1.0/embedd5f9]
[www.centralpark.in/blog/wp-content/uploads/2017/08/My-child-made-his-first-friend-1.jpg]
[www.centralpark.in/blog/amidst-flora-fauna-adjoining-aravallis-scenic-abode-modern-living/feed/index.html]
[www.centralpark.in/blog/amidst-flora-fauna-adjoining-aravallis-scenic-abode-modern-living/index.html]
[www.centralpark.in/blog/index0d0b.html]
[www.centralpark.in/blog/wp-json/oembed/1.0/embed797b.json]
[www.centralpark.in/blog/wp-json/oembed/1.0/embed762f]
[www.centralpark.in/blog/wp-content/uploads/2017/08/A-scenic-abode-for-modern-living.jpg]
[www.centralpark.in/blog/7-wonderful-things-must-know-central-park-flower-valley/feed/index.html]
[www.centralpark.in/blog/wp-content/uploads/2017/08/7-Wonderful.jpg]
[www.centralpark.in/blog/wp-content/uploads/2017/08/Central-Park-Flower-Valley.jpg]
[www.centralpark.in/blog/7-wonderful-things-must-know-central-park-flower-valley/index.html]
[www.centralpark.in/blog/index341b.html]
[www.centralpark.in/blog/wp-json/oembed/1.0/embed7ed8.json]
[www.centralpark.in/blog/wp-json/oembed/1.0/embedeb00]
[www.centralpark.in/blog/we-were-both-on-a-vacation-my-pet-me/feed/index.html]
[www.centralpark.in/blog/wp-content/uploads/2017/08/My-Pet-Me....jpg]
[www.centralpark.in/blog/we-were-both-on-a-vacation-my-pet-me/index.html]
[www.centralpark.in/blog/index0e62.html]
[www.centralpark.in/blog/wp-json/oembed/1.0/embedf538.json]
[www.centralpark.in/blog/wp-json/oembed/1.0/embedf54f]
[www.centralpark.in/blog/category/real-estate/index.html]
[www.centralpark.in/blog/category/real-estate/feed/index.html]
[www.centralpark.in/blog/zero-water-discharge-central-park-resorts/feed/index.html]
[www.centralpark.in/blog/zero-water-discharge-central-park-resorts/index.html]
[www.centralpark.in/blog/index678b.html]
[www.centralpark.in/blog/wp-json/oembed/1.0/embedaa47.json]
[www.centralpark.in/blog/wp-json/oembed/1.0/embeda39f]
[www.centralpark.in/blog/wp-content/uploads/2017/08/zero-water.png]
